  1/54     124s  eta 109.4min  mvtec\bottle\k2\s2
  2/54     241s  eta 104.5min  mvtec\bottle\k8\s2
  3/54     664s  eta 188.0min  mvtec\cable\k2\s2
  4/54    1121s  eta 233.5min  mvtec\cable\k8\s2
  5/54    1470s  eta 240.0min  mvtec\capsule\k2\s2
  6/54    1789s  eta 238.5min  mvtec\capsule\k8\s2
  7/54    2074s  eta 232.1min  mvtec\carpet\k2\s2
  8/54    2303s  eta 220.7min  mvtec\carpet\k8\s2
  9/54    2505s  eta 208.7min  mvtec\grid\k2\s2
  10/54    2728s  eta 200.1min  mvtec\grid\k8\s2
  11/54    3043s  eta 198.2min  mvtec\hazelnut\k2\s2
  12/54    3285s  eta 191.6min  mvtec\hazelnut\k8\s2
  13/54    3631s  eta 190.8min  mvtec\leather\k2\s2
  14/54    3930s  eta 187.1min  mvtec\leather\k8\s2
  15/54    4113s  eta 178.2min  mvtec\metal_nut\k2\s2
  16/54    4321s  eta 171.1min  mvtec\metal_nut\k8\s2
  17/54    4677s  eta 169.6min  mvtec\pill\k2\s2
  18/54    5062s  eta 168.7min  mvtec\pill\k8\s2
  19/54    5601s  eta 171.9min  mvtec\screw\k2\s2
  20/54    6147s  eta 174.2min  mvtec\screw\k8\s2
  21/54    6419s  eta 168.1min  mvtec\tile\k2\s2
  22/54    6668s  eta 161.7min  mvtec\tile\k8\s2
  23/54    6794s  eta 152.6min  mvtec\toothbrush\k2\s2
  24/54    6921s  eta 144.2min  mvtec\toothbrush\k8\s2
  25/54    7200s  eta 139.2min  mvtec\transistor\k2\s2
  26/54    7466s  eta 134.0min  mvtec\transistor\k8\s2
  27/54    7697s  eta 128.3min  mvtec\wood\k2\s2
  28/54    7916s  eta 122.5min  mvtec\wood\k8\s2
  29/54    8350s  eta 120.0min  mvtec\zipper\k2\s2
  30/54    8779s  eta 117.0min  mvtec\zipper\k8\s2
  31/54    9628s  eta 119.1min  visa\candle\k2\s2
