  1/54     127s  eta 112.4min  mvtec\bottle\k2\s1
  2/54     247s  eta 106.9min  mvtec\bottle\k8\s1
  3/54     680s  eta 192.5min  mvtec\cable\k2\s1
  4/54    1135s  eta 236.4min  mvtec\cable\k8\s1
  5/54    1490s  eta 243.4min  mvtec\capsule\k2\s1
  6/54    1810s  eta 241.3min  mvtec\capsule\k8\s1
  7/54    2090s  eta 233.9min  mvtec\carpet\k2\s1
  8/54    2321s  eta 222.5min  mvtec\carpet\k8\s1
  9/54    2522s  eta 210.2min  mvtec\grid\k2\s1
  10/54    2753s  eta 201.9min  mvtec\grid\k8\s1
  11/54    3059s  eta 199.3min  mvtec\hazelnut\k2\s1
  12/54    3299s  eta 192.4min  mvtec\hazelnut\k8\s1
  13/54    3643s  eta 191.5min  mvtec\leather\k2\s1
  14/54    3946s  eta 187.9min  mvtec\leather\k8\s1
  15/54    4133s  eta 179.1min  mvtec\metal_nut\k2\s1
  16/54    4342s  eta 171.9min  mvtec\metal_nut\k8\s1
  17/54    4692s  eta 170.2min  mvtec\pill\k2\s1
  18/54    5093s  eta 169.8min  mvtec\pill\k8\s1
  19/54    5639s  eta 173.1min  mvtec\screw\k2\s1
  20/54    6173s  eta 174.9min  mvtec\screw\k8\s1
  21/54    6444s  eta 168.8min  mvtec\tile\k2\s1
  22/54    6693s  eta 162.3min  mvtec\tile\k8\s1
  23/54    6819s  eta 153.2min  mvtec\toothbrush\k2\s1
  24/54    6947s  eta 144.7min  mvtec\toothbrush\k8\s1
  25/54    7224s  eta 139.7min  mvtec\transistor\k2\s1
  26/54    7494s  eta 134.5min  mvtec\transistor\k8\s1
  27/54    7725s  eta 128.7min  mvtec\wood\k2\s1
  28/54    7952s  eta 123.1min  mvtec\wood\k8\s1
  29/54    8390s  eta 120.5min  mvtec\zipper\k2\s1
  30/54    8816s  eta 117.5min  mvtec\zipper\k8\s1
  31/54    9666s  eta 119.5min  visa\candle\k2\s1
