  1/54     125s  eta 110.4min  mvtec\bottle\k1\s2
  2/54     245s  eta 106.3min  mvtec\bottle\k4\s2
  3/54     679s  eta 192.4min  mvtec\cable\k1\s2
  4/54    1137s  eta 236.9min  mvtec\cable\k4\s2
  5/54    1494s  eta 244.0min  mvtec\capsule\k1\s2
  6/54    1817s  eta 242.3min  mvtec\capsule\k4\s2
  7/54    2101s  eta 235.1min  mvtec\carpet\k1\s2
  8/54    2334s  eta 223.7min  mvtec\carpet\k4\s2
  9/54    2535s  eta 211.2min  mvtec\grid\k1\s2
  10/54    2766s  eta 202.8min  mvtec\grid\k4\s2
  11/54    3076s  eta 200.4min  mvtec\hazelnut\k1\s2
  12/54    3323s  eta 193.8min  mvtec\hazelnut\k4\s2
  13/54    3678s  eta 193.3min  mvtec\leather\k1\s2
  14/54    3977s  eta 189.4min  mvtec\leather\k4\s2
  15/54    4171s  eta 180.8min  mvtec\metal_nut\k1\s2
  16/54    4374s  eta 173.1min  mvtec\metal_nut\k4\s2
  17/54    4730s  eta 171.6min  mvtec\pill\k1\s2
  18/54    5143s  eta 171.4min  mvtec\pill\k4\s2
  19/54    5705s  eta 175.2min  mvtec\screw\k1\s2
  20/54    6239s  eta 176.8min  mvtec\screw\k4\s2
  21/54    6508s  eta 170.5min  mvtec\tile\k1\s2
  22/54    6758s  eta 163.8min  mvtec\tile\k4\s2
  23/54    6883s  eta 154.6min  mvtec\toothbrush\k1\s2
  24/54    7014s  eta 146.1min  mvtec\toothbrush\k4\s2
  25/54    7290s  eta 140.9min  mvtec\transistor\k1\s2
  26/54    7567s  eta 135.8min  mvtec\transistor\k4\s2
  27/54    7797s  eta 130.0min  mvtec\wood\k1\s2
  28/54    8039s  eta 124.4min  mvtec\wood\k4\s2
  29/54    8496s  eta 122.1min  mvtec\zipper\k1\s2
  30/54    8921s  eta 118.9min  mvtec\zipper\k4\s2
