  1/54     129s  eta 114.4min  mvtec\bottle\k1\s1
  2/54     249s  eta 107.8min  mvtec\bottle\k4\s1
  3/54     682s  eta 193.3min  mvtec\cable\k1\s1
  4/54    1145s  eta 238.6min  mvtec\cable\k4\s1
  5/54    1502s  eta 245.3min  mvtec\capsule\k1\s1
  6/54    1821s  eta 242.8min  mvtec\capsule\k4\s1
  7/54    2103s  eta 235.4min  mvtec\carpet\k1\s1
  8/54    2341s  eta 224.3min  mvtec\carpet\k4\s1
  9/54    2542s  eta 211.8min  mvtec\grid\k1\s1
  10/54    2769s  eta 203.0min  mvtec\grid\k4\s1
  11/54    3073s  eta 200.2min  mvtec\hazelnut\k1\s1
  12/54    3316s  eta 193.4min  mvtec\hazelnut\k4\s1
  13/54    3669s  eta 192.9min  mvtec\leather\k1\s1
  14/54    3971s  eta 189.1min  mvtec\leather\k4\s1
  15/54    4160s  eta 180.3min  mvtec\metal_nut\k1\s1
  16/54    4365s  eta 172.8min  mvtec\metal_nut\k4\s1
  17/54    4722s  eta 171.3min  mvtec\pill\k1\s1
  18/54    5131s  eta 171.0min  mvtec\pill\k4\s1
  19/54    5692s  eta 174.8min  mvtec\screw\k1\s1
  20/54    6231s  eta 176.5min  mvtec\screw\k4\s1
  21/54    6500s  eta 170.2min  mvtec\tile\k1\s1
  22/54    6751s  eta 163.7min  mvtec\tile\k4\s1
  23/54    6878s  eta 154.5min  mvtec\toothbrush\k1\s1
  24/54    7007s  eta 146.0min  mvtec\toothbrush\k4\s1
  25/54    7278s  eta 140.7min  mvtec\transistor\k1\s1
  26/54    7557s  eta 135.6min  mvtec\transistor\k4\s1
  27/54    7788s  eta 129.8min  mvtec\wood\k1\s1
  28/54    8034s  eta 124.3min  mvtec\wood\k4\s1
  29/54    8481s  eta 121.9min  mvtec\zipper\k1\s1
  30/54    8909s  eta 118.8min  mvtec\zipper\k4\s1
