  1/54     128s  eta 112.9min  mvtec\bottle\k1\s0
  2/54     249s  eta 108.1min  mvtec\bottle\k4\s0
  3/54     685s  eta 194.1min  mvtec\cable\k1\s0
  4/54    1144s  eta 238.4min  mvtec\cable\k4\s0
  5/54    1508s  eta 246.4min  mvtec\capsule\k1\s0
  6/54    1830s  eta 243.9min  mvtec\capsule\k4\s0
  7/54    2111s  eta 236.3min  mvtec\carpet\k1\s0
  8/54    2345s  eta 224.7min  mvtec\carpet\k4\s0
  9/54    2542s  eta 211.9min  mvtec\grid\k1\s0
  10/54    2773s  eta 203.3min  mvtec\grid\k4\s0
  11/54    3082s  eta 200.8min  mvtec\hazelnut\k1\s0
  12/54    3332s  eta 194.3min  mvtec\hazelnut\k4\s0
  13/54    3681s  eta 193.5min  mvtec\leather\k1\s0
  14/54    3978s  eta 189.4min  mvtec\leather\k4\s0
  15/54    4174s  eta 180.9min  mvtec\metal_nut\k1\s0
  16/54    4373s  eta 173.1min  mvtec\metal_nut\k4\s0
  17/54    4724s  eta 171.3min  mvtec\pill\k1\s0
  18/54    5144s  eta 171.5min  mvtec\pill\k4\s0
  19/54    5706s  eta 175.2min  mvtec\screw\k1\s0
  20/54    6240s  eta 176.8min  mvtec\screw\k4\s0
  21/54    6510s  eta 170.5min  mvtec\tile\k1\s0
  22/54    6761s  eta 163.9min  mvtec\tile\k4\s0
  23/54    6887s  eta 154.7min  mvtec\toothbrush\k1\s0
  24/54    7016s  eta 146.2min  mvtec\toothbrush\k4\s0
  25/54    7286s  eta 140.9min  mvtec\transistor\k1\s0
  26/54    7562s  eta 135.7min  mvtec\transistor\k4\s0
  27/54    7795s  eta 129.9min  mvtec\wood\k1\s0
  28/54    8041s  eta 124.4min  mvtec\wood\k4\s0
  29/54    8476s  eta 121.8min  mvtec\zipper\k1\s0
  30/54    8905s  eta 118.7min  mvtec\zipper\k4\s0
