  1/54     126s  eta 111.6min  mvtec\bottle\k2\s0
  2/54     245s  eta 106.3min  mvtec\bottle\k8\s0
  3/54     670s  eta 189.9min  mvtec\cable\k2\s0
  4/54    1123s  eta 233.9min  mvtec\cable\k8\s0
  5/54    1466s  eta 239.5min  mvtec\capsule\k2\s0
  6/54    1782s  eta 237.7min  mvtec\capsule\k8\s0
  7/54    2070s  eta 231.7min  mvtec\carpet\k2\s0
  8/54    2299s  eta 220.3min  mvtec\carpet\k8\s0
  9/54    2501s  eta 208.4min  mvtec\grid\k2\s0
  10/54    2722s  eta 199.6min  mvtec\grid\k8\s0
  11/54    3033s  eta 197.6min  mvtec\hazelnut\k2\s0
  12/54    3273s  eta 190.9min  mvtec\hazelnut\k8\s0
  13/54    3613s  eta 189.9min  mvtec\leather\k2\s0
  14/54    3914s  eta 186.4min  mvtec\leather\k8\s0
  15/54    4102s  eta 177.7min  mvtec\metal_nut\k2\s0
  16/54    4303s  eta 170.3min  mvtec\metal_nut\k8\s0
  17/54    4655s  eta 168.9min  mvtec\pill\k2\s0
  18/54    5045s  eta 168.2min  mvtec\pill\k8\s0
  19/54    5587s  eta 171.5min  mvtec\screw\k2\s0
  20/54    6131s  eta 173.7min  mvtec\screw\k8\s0
  21/54    6403s  eta 167.7min  mvtec\tile\k2\s0
  22/54    6655s  eta 161.3min  mvtec\tile\k8\s0
  23/54    6788s  eta 152.5min  mvtec\toothbrush\k2\s0
  24/54    6913s  eta 144.0min  mvtec\toothbrush\k8\s0
  25/54    7192s  eta 139.1min  mvtec\transistor\k2\s0
  26/54    7456s  eta 133.8min  mvtec\transistor\k8\s0
  27/54    7689s  eta 128.1min  mvtec\wood\k2\s0
  28/54    7916s  eta 122.5min  mvtec\wood\k8\s0
  29/54    8350s  eta 120.0min  mvtec\zipper\k2\s0
  30/54    8777s  eta 117.0min  mvtec\zipper\k8\s0
  31/54    9624s  eta 119.0min  visa\candle\k2\s0
