Using cache found in C:\Users\msi/.cache\torch\hub\facebookresearch_dinov2_main
C:\Users\msi/.cache\torch\hub\facebookresearch_dinov2_main\dinov2\layers\swiglu_ffn.py:51: UserWarning: xFormers is not available (SwiGLU)
  warnings.warn("xFormers is not available (SwiGLU)")
C:\Users\msi/.cache\torch\hub\facebookresearch_dinov2_main\dinov2\layers\attention.py:33: UserWarning: xFormers is not available (Attention)
  warnings.warn("xFormers is not available (Attention)")
C:\Users\msi/.cache\torch\hub\facebookresearch_dinov2_main\dinov2\layers\block.py:40: UserWarning: xFormers is not available (Block)
  warnings.warn("xFormers is not available (Block)")
Loading model: dinov2_vits14
Device: cuda
Smaller edge size: 672
=== positive control: full re-forward vs cache, mid/midlate/final ===
  mvtec/bottle    mid      cos=1.000000 maxdiff=0.00000 OK
  mvtec/bottle    midlate  cos=1.000000 maxdiff=0.00000 OK
  mvtec/bottle    final    cos=1.000000 maxdiff=0.00000 OK
  mvtec/capsule   mid      cos=1.000000 maxdiff=0.00000 OK
  mvtec/capsule   midlate  cos=1.000000 maxdiff=0.00000 OK
  mvtec/capsule   final    cos=1.000000 maxdiff=0.00000 OK
  visa/pcb2      mid      cos=1.000000 maxdiff=0.00000 OK
  visa/pcb2      midlate  cos=1.000000 maxdiff=0.00000 OK
  visa/pcb2      final    cos=1.000000 maxdiff=0.00000 OK
  visa/macaroni1 mid      cos=1.000000 maxdiff=0.00000 OK
  visa/macaroni1 midlate  cos=1.000000 maxdiff=0.00000 OK
  visa/macaroni1 final    cos=1.000000 maxdiff=0.00000 OK
  mvtec/bottle done (grid 48x48, cores r=[21, 26] c=[21, 26], k=8)
  mvtec/cable done (grid 48x48, cores r=[21, 26] c=[21, 26], k=8)
  mvtec/capsule done (grid 48x48, cores r=[21, 26] c=[21, 26], k=8)
  mvtec/carpet done (grid 48x48, cores r=[21, 26] c=[21, 26], k=8)
  mvtec/grid done (grid 48x48, cores r=[21, 26] c=[21, 26], k=8)
  mvtec/hazelnut done (grid 48x48, cores r=[21, 26] c=[21, 26], k=8)
  mvtec/leather done (grid 48x48, cores r=[21, 26] c=[21, 26], k=8)
  mvtec/metal_nut done (grid 48x48, cores r=[21, 26] c=[21, 26], k=8)
  mvtec/pill done (grid 48x48, cores r=[21, 26] c=[21, 26], k=8)
  mvtec/screw done (grid 48x48, cores r=[21, 26] c=[21, 26], k=8)
  mvtec/tile done (grid 48x48, cores r=[21, 26] c=[21, 26], k=8)
  mvtec/toothbrush done (grid 48x48, cores r=[21, 26] c=[21, 26], k=8)
  mvtec/transistor done (grid 48x48, cores r=[21, 26] c=[21, 26], k=8)
  mvtec/wood done (grid 48x48, cores r=[21, 26] c=[21, 26], k=8)
  mvtec/zipper done (grid 48x48, cores r=[21, 26] c=[21, 26], k=8)
  visa/candle done (grid 48x52, cores r=[21, 26] c=[22, 28], k=8)
  visa/capsules done (grid 48x72, cores r=[21, 26] c=[29, 42], k=8)
  visa/cashew done (grid 48x52, cores r=[21, 26] c=[22, 28], k=8)
  visa/chewinggum done (grid 48x57, cores r=[21, 26] c=[24, 32], k=8)
  visa/fryum done (grid 48x72, cores r=[21, 26] c=[29, 42], k=8)
  visa/macaroni1 done (grid 48x72, cores r=[21, 26] c=[29, 42], k=8)
  visa/macaroni2 done (grid 48x72, cores r=[21, 26] c=[29, 42], k=8)
  visa/pcb1 done (grid 48x62, cores r=[21, 26] c=[25, 35], k=8)
  visa/pcb2 done (grid 48x62, cores r=[21, 26] c=[25, 35], k=8)
  visa/pcb3 done (grid 48x78, cores r=[21, 26] c=[31, 46], k=8)
  visa/pcb4 done (grid 48x59, cores r=[21, 26] c=[24, 33], k=8)
  visa/pipe_fryum done (grid 48x54, cores r=[21, 26] c=[23, 30], k=8)

  === pre-registered stop rule ===
    need agg3 Spearman median >= 0.50 AND trigger-mass retention >= 0.50
 n_ctx  agg3_spearman_median  trigger_mass_retention_mean  meets_agg3  meets_retention  both
     5                 0.133                        0.921       False             True False
     7                 0.180                        0.861       False             True False
     9                 0.188                        0.786       False             True False
    11                 0.221                        0.698       False             True False
    13                 0.244                        0.603       False             True False
    15                 0.275                        0.535       False             True False
    17                 0.304                        0.427       False            False False
    19                 0.344                        0.395       False            False False
    21                 0.364                        0.314       False            False False
    23                 0.387                        0.297       False            False False
    25                 0.413                        0.206       False            False False
    27                 0.428                        0.192       False            False False
    29                 0.440                        0.182       False            False False
    31                 0.456                        0.159       False            False False
    33                 0.467                        0.159       False            False False

    STOP: no n_ctx <= 33 satisfies both conditions.
    => the pure-halo route is closed; halo is NOT extended further,
       and no defect performance is consulted.

  wrote 05c_* (38880 fidelity rows)
PY_EXIT=0
