[w0] OS runner start 2026-09-28 23:21:26 cells=168 pid=49800
[w0 1/168] mvtec/bottle/k1/s0 :: mvtec/bottle/k1/s0: skipped (ok)  0s  [3s]
[w0 2/168] mvtec/bottle/k1/s1 :: mvtec/bottle/k1/s1: skipped (ok)  0s  [3s]
[w0 3/168] mvtec/bottle/k1/s2 :: mvtec/bottle/k1/s2: skipped (ok)  0s  [3s]
[w0 4/168] mvtec/bottle/k2/s0 :: mvtec/bottle/k2/s0: skipped (ok)  0s  [3s]
[w0 5/168] mvtec/bottle/k2/s1 :: mvtec/bottle/k2/s1: skipped (ok)  0s  [3s]
[w0 6/168] mvtec/bottle/k2/s2 :: mvtec/bottle/k2/s2: skipped (ok)  0s  [3s]
[w0 7/168] mvtec/bottle/k4/s0 :: mvtec/bottle/k4/s0: skipped (ok)  0s  [3s]
[w0 8/168] mvtec/bottle/k4/s1 :: mvtec/bottle/k4/s1: skipped (ok)  0s  [3s]
[w0 9/168] mvtec/bottle/k4/s2 :: mvtec/bottle/k4/s2: skipped (ok)  0s  [3s]
[w0 10/168] mvtec/bottle/k8/s0 :: mvtec/bottle/k8/s0: skipped (ok)  0s  [3s]
[w0 11/168] mvtec/bottle/k8/s1 :: mvtec/bottle/k8/s1: skipped (ok)  0s  [3s]
[w0 12/168] mvtec/bottle/k8/s2 :: mvtec/bottle/k8/s2: skipped (ok)  0s  [3s]
[w0 13/168] mvtec/capsule/k1/s0 :: mvtec/capsule/k1/s0: skipped (ok)  0s  [3s]
[w0 14/168] mvtec/capsule/k1/s1 :: mvtec/capsule/k1/s1: skipped (ok)  0s  [3s]
[w0 15/168] mvtec/capsule/k1/s2 :: mvtec/capsule/k1/s2: skipped (ok)  0s  [3s]
[w0 16/168] mvtec/capsule/k2/s0 :: mvtec/capsule/k2/s0: skipped (ok)  0s  [3s]
[w0 17/168] mvtec/capsule/k2/s1 :: mvtec/capsule/k2/s1: skipped (ok)  0s  [3s]
[w0 18/168] mvtec/capsule/k2/s2 :: mvtec/capsule/k2/s2: skipped (ok)  0s  [3s]
[w0 19/168] mvtec/capsule/k4/s0 :: mvtec/capsule/k4/s0: skipped (ok)  0s  [3s]
[w0 20/168] mvtec/capsule/k4/s1 :: mvtec/capsule/k4/s1: skipped (ok)  0s  [3s]
[w0 21/168] mvtec/capsule/k4/s2 :: mvtec/capsule/k4/s2: skipped (ok)  0s  [3s]
[w0 22/168] mvtec/capsule/k8/s0 :: mvtec/capsule/k8/s0: skipped (ok)  0s  [3s]
[w0 23/168] mvtec/capsule/k8/s1 :: mvtec/capsule/k8/s1: skipped (ok)  0s  [3s]
[w0 24/168] mvtec/capsule/k8/s2 :: mvtec/capsule/k8/s2: skipped (ok)  0s  [3s]
[w0 25/168] mvtec/grid/k1/s0 :: mvtec/grid/k1/s0: skipped (ok)  0s  [3s]
[w0 26/168] mvtec/grid/k1/s1 :: mvtec/grid/k1/s1: skipped (ok)  0s  [3s]
[w0 27/168] mvtec/grid/k1/s2 :: mvtec/grid/k1/s2: skipped (ok)  0s  [3s]
[w0 28/168] mvtec/grid/k2/s0 :: mvtec/grid/k2/s0: skipped (ok)  0s  [3s]
[w0 29/168] mvtec/grid/k2/s1 :: mvtec/grid/k2/s1: skipped (ok)  0s  [3s]
[w0 30/168] mvtec/grid/k2/s2 :: mvtec/grid/k2/s2: skipped (ok)  0s  [3s]
[w0 31/168] mvtec/grid/k4/s0 :: mvtec/grid/k4/s0: skipped (ok)  0s  [3s]
[w0 32/168] mvtec/grid/k4/s1 :: mvtec/grid/k4/s1: skipped (ok)  0s  [3s]
[w0 33/168] mvtec/grid/k4/s2 :: mvtec/grid/k4/s2: skipped (ok)  0s  [3s]
[w0 34/168] mvtec/grid/k8/s0 :: mvtec/grid/k8/s0: skipped (ok)  0s  [3s]
[w0 35/168] mvtec/grid/k8/s1 :: mvtec/grid/k8/s1: skipped (ok)  0s  [3s]
[w0 36/168] mvtec/grid/k8/s2 :: mvtec/grid/k8/s2: skipped (ok)  0s  [3s]
[w0 37/168] mvtec/leather/k1/s0 :: mvtec/leather/k1/s0: skipped (ok)  0s  [3s]
[w0 38/168] mvtec/leather/k1/s1 :: mvtec/leather/k1/s1: skipped (ok)  0s  [3s]
[w0 39/168] mvtec/leather/k1/s2 :: mvtec/leather/k1/s2: skipped (ok)  0s  [3s]
[w0 40/168] mvtec/leather/k2/s0 :: mvtec/leather/k2/s0: skipped (ok)  0s  [3s]
[w0 41/168] mvtec/leather/k2/s1 :: mvtec/leather/k2/s1: skipped (ok)  0s  [3s]
[w0 42/168] mvtec/leather/k2/s2 :: mvtec/leather/k2/s2: skipped (ok)  0s  [3s]
[w0 43/168] mvtec/leather/k4/s0 :: mvtec/leather/k4/s0: skipped (ok)  0s  [3s]
[w0 44/168] mvtec/leather/k4/s1 :: mvtec/leather/k4/s1: skipped (ok)  0s  [3s]
[w0 45/168] mvtec/leather/k4/s2 :: mvtec/leather/k4/s2: skipped (ok)  0s  [3s]
[w0 46/168] mvtec/leather/k8/s0 :: mvtec/leather/k8/s0: skipped (ok)  0s  [3s]
[w0 47/168] mvtec/leather/k8/s1 :: mvtec/leather/k8/s1: skipped (ok)  0s  [3s]
[w0 48/168] mvtec/leather/k8/s2 :: mvtec/leather/k8/s2: skipped (ok)  0s  [3s]
[w0 49/168] mvtec/pill/k1/s0 :: mvtec/pill/k1/s0: skipped (ok)  0s  [3s]
[w0 50/168] mvtec/pill/k1/s1 :: mvtec/pill/k1/s1: skipped (ok)  0s  [3s]
[w0 51/168] mvtec/pill/k1/s2 :: mvtec/pill/k1/s2: skipped (ok)  0s  [3s]
[w0 52/168] mvtec/pill/k2/s0 :: mvtec/pill/k2/s0: skipped (ok)  0s  [3s]
[w0 53/168] mvtec/pill/k2/s1 :: mvtec/pill/k2/s1: skipped (ok)  0s  [3s]
[w0 54/168] mvtec/pill/k2/s2 :: mvtec/pill/k2/s2: skipped (ok)  0s  [3s]
[w0 55/168] mvtec/pill/k4/s0 :: mvtec/pill/k4/s0: skipped (ok)  0s  [3s]
[w0 56/168] mvtec/pill/k4/s1 :: mvtec/pill/k4/s1: skipped (ok)  0s  [3s]
[w0 57/168] mvtec/pill/k4/s2 :: mvtec/pill/k4/s2: skipped (ok)  0s  [3s]
[w0 58/168] mvtec/pill/k8/s0 :: mvtec/pill/k8/s0: skipped (ok)  0s  [3s]
[w0 59/168] mvtec/pill/k8/s1 :: mvtec/pill/k8/s1: skipped (ok)  0s  [3s]
[w0 60/168] mvtec/pill/k8/s2 :: mvtec/pill/k8/s2: skipped (ok)  0s  [3s]
[w0 61/168] mvtec/tile/k1/s0 :: mvtec/tile/k1/s0: skipped (ok)  0s  [3s]
[w0 62/168] mvtec/tile/k1/s1 :: mvtec/tile/k1/s1: skipped (ok)  0s  [3s]
[w0 63/168] mvtec/tile/k1/s2 :: mvtec/tile/k1/s2: skipped (ok)  0s  [3s]
[w0 64/168] mvtec/tile/k2/s0 :: mvtec/tile/k2/s0: skipped (ok)  0s  [3s]
[w0 65/168] mvtec/tile/k2/s1 :: mvtec/tile/k2/s1: skipped (ok)  0s  [3s]
[w0 66/168] mvtec/tile/k2/s2 :: mvtec/tile/k2/s2: skipped (ok)  0s  [3s]
[w0 67/168] mvtec/tile/k4/s0 :: mvtec/tile/k4/s0: skipped (ok)  0s  [3s]
[w0 68/168] mvtec/tile/k4/s1 :: mvtec/tile/k4/s1: skipped (ok)  0s  [3s]
[w0 69/168] mvtec/tile/k4/s2 :: mvtec/tile/k4/s2: skipped (ok)  0s  [3s]
[w0 70/168] mvtec/tile/k8/s0 :: mvtec/tile/k8/s0: skipped (ok)  0s  [3s]
[w0 71/168] mvtec/tile/k8/s1 :: mvtec/tile/k8/s1: skipped (ok)  0s  [3s]
[w0 72/168] mvtec/tile/k8/s2 :: mvtec/tile/k8/s2: skipped (ok)  0s  [3s]
[w0 73/168] mvtec/transistor/k1/s0 :: mvtec/transistor/k1/s0: skipped (ok)  0s  [3s]
[w0 74/168] mvtec/transistor/k1/s1 :: mvtec/transistor/k1/s1: skipped (ok)  0s  [3s]
[w0 75/168] mvtec/transistor/k1/s2 :: mvtec/transistor/k1/s2: skipped (ok)  0s  [3s]
[w0 76/168] mvtec/transistor/k2/s0 :: mvtec/transistor/k2/s0: skipped (ok)  0s  [3s]
[w0 77/168] mvtec/transistor/k2/s1 :: mvtec/transistor/k2/s1: skipped (ok)  0s  [3s]
[w0 78/168] mvtec/transistor/k2/s2 :: mvtec/transistor/k2/s2: skipped (ok)  0s  [3s]
[w0 79/168] mvtec/transistor/k4/s0 :: mvtec/transistor/k4/s0: skipped (ok)  0s  [3s]
[w0 80/168] mvtec/transistor/k4/s1 :: mvtec/transistor/k4/s1: skipped (ok)  0s  [3s]
[w0 81/168] mvtec/transistor/k4/s2 :: mvtec/transistor/k4/s2: skipped (ok)  0s  [3s]
[w0 82/168] mvtec/transistor/k8/s0 :: mvtec/transistor/k8/s0: skipped (ok)  0s  [3s]
[w0 83/168] mvtec/transistor/k8/s1 :: mvtec/transistor/k8/s1: skipped (ok)  0s  [3s]
[w0 84/168] mvtec/transistor/k8/s2 :: mvtec/transistor/k8/s2: skipped (ok)  0s  [3s]
[w0 85/168] mvtec/zipper/k1/s0 :: mvtec/zipper/k1/s0: skipped (ok)  0s  [3s]
[w0 86/168] mvtec/zipper/k1/s1 :: mvtec/zipper/k1/s1: skipped (ok)  0s  [3s]
[w0 87/168] mvtec/zipper/k1/s2 :: mvtec/zipper/k1/s2: skipped (ok)  0s  [3s]
[w0 88/168] mvtec/zipper/k2/s0 :: mvtec/zipper/k2/s0: skipped (ok)  0s  [3s]
[w0 89/168] mvtec/zipper/k2/s1 :: mvtec/zipper/k2/s1: skipped (ok)  0s  [3s]
[w0 90/168] mvtec/zipper/k2/s2 :: mvtec/zipper/k2/s2: skipped (ok)  0s  [3s]
[w0 91/168] mvtec/zipper/k4/s0 :: mvtec/zipper/k4/s0: skipped (ok)  0s  [3s]
[w0 92/168] mvtec/zipper/k4/s1 :: mvtec/zipper/k4/s1: skipped (ok)  0s  [3s]
[w0 93/168] mvtec/zipper/k4/s2 :: mvtec/zipper/k4/s2: skipped (ok)  0s  [3s]
[w0 94/168] mvtec/zipper/k8/s0 :: mvtec/zipper/k8/s0: skipped (ok)  0s  [3s]
[w0 95/168] mvtec/zipper/k8/s1 :: mvtec/zipper/k8/s1: skipped (ok)  0s  [3s]
[w0 96/168] mvtec/zipper/k8/s2 :: mvtec/zipper/k8/s2: skipped (ok)  0s  [3s]
[w0 97/168] visa/candle/k1/s0 :: visa/candle/k1/s0: skipped (ok)  0s  [3s]
[w0 98/168] visa/candle/k1/s1 :: visa/candle/k1/s1: skipped (ok)  0s  [3s]
[w0 99/168] visa/candle/k1/s2 :: visa/candle/k1/s2: skipped (ok)  0s  [3s]
[w0 100/168] visa/candle/k2/s0 :: visa/candle/k2/s0: skipped (ok)  0s  [3s]
[w0 101/168] visa/candle/k2/s1 :: visa/candle/k2/s1: skipped (ok)  0s  [3s]
[w0 102/168] visa/candle/k2/s2 :: visa/candle/k2/s2: skipped (ok)  0s  [3s]
[w0 103/168] visa/candle/k4/s0 :: visa/candle/k4/s0: done (ok)  353s  [358s]
[w0 104/168] visa/candle/k4/s1 :: visa/candle/k4/s1: done (ok)  342s  [347s]
[w0 105/168] visa/candle/k4/s2 :: visa/candle/k4/s2: done (ok)  262s  [267s]
[w0 106/168] visa/candle/k8/s0 :: visa/candle/k8/s0: done (ok)  335s  [340s]
[w0 107/168] visa/candle/k8/s1 :: visa/candle/k8/s1: done (ok)  462s  [467s]
[w0 108/168] visa/candle/k8/s2 :: visa/candle/k8/s2: done (ok)  403s  [409s]
[w0 109/168] visa/cashew/k1/s0 :: visa/cashew/k1/s0: done (ok)  292s  [298s]
[w0 110/168] visa/cashew/k1/s1 :: visa/cashew/k1/s1: done (ok)  239s  [244s]
[w0 111/168] visa/cashew/k1/s2 :: visa/cashew/k1/s2: done (ok)  147s  [153s]
[w0 112/168] visa/cashew/k2/s0 :: visa/cashew/k2/s0: done (ok)  260s  [264s]
[w0 113/168] visa/cashew/k2/s1 :: visa/cashew/k2/s1: done (ok)  117s  [123s]
[w0 114/168] visa/cashew/k2/s2 :: visa/cashew/k2/s2: done (ok)  244s  [250s]
[w0 115/168] visa/cashew/k4/s0 :: visa/cashew/k4/s0: done (ok)  246s  [255s]
[w0 116/168] visa/cashew/k4/s1 :: visa/cashew/k4/s1: done (ok)  333s  [341s]
[w0 117/168] visa/cashew/k4/s2 :: visa/cashew/k4/s2: done (ok)  199s  [207s]
[w0 118/168] visa/cashew/k8/s0 :: visa/cashew/k8/s0: done (ok)  301s  [308s]
[w0 119/168] visa/cashew/k8/s1 :: visa/cashew/k8/s1: done (ok)  284s  [288s]
[w0 120/168] visa/cashew/k8/s2 :: visa/cashew/k8/s2: done (ok)  187s  [192s]
[w0 121/168] visa/fryum/k1/s0 :: visa/fryum/k1/s0: done (ok)  480s  [485s]
[w0 122/168] visa/fryum/k1/s1 :: visa/fryum/k1/s1: done (ok)  475s  [481s]
[w0 123/168] visa/fryum/k1/s2 :: visa/fryum/k1/s2: done (ok)  362s  [370s]
[w0 124/168] visa/fryum/k2/s0 :: visa/fryum/k2/s0: done (ok)  209s  [215s]
[w0 125/168] visa/fryum/k2/s1 :: visa/fryum/k2/s1: done (ok)  469s  [476s]
[w0 126/168] visa/fryum/k2/s2 :: visa/fryum/k2/s2: done (ok)  383s  [389s]
[w0 127/168] visa/fryum/k4/s0 :: visa/fryum/k4/s0: done (ok)  349s  [355s]
[w0 128/168] visa/fryum/k4/s1 :: visa/fryum/k4/s1: done (ok)  288s  [295s]
[w0 129/168] visa/fryum/k4/s2 :: visa/fryum/k4/s2: done (ok)  518s  [526s]
[w0 130/168] visa/fryum/k8/s0 :: visa/fryum/k8/s0: done (ok)  418s  [424s]
[w0 131/168] visa/fryum/k8/s1 :: visa/fryum/k8/s1: done (ok)  418s  [423s]
[w0 132/168] visa/fryum/k8/s2 :: visa/fryum/k8/s2: done (ok)  494s  [500s]
[w0 133/168] visa/macaroni2/k1/s0 :: visa/macaroni2/k1/s0: done (ok)  601s  [608s]
[w0 134/168] visa/macaroni2/k1/s1 :: visa/macaroni2/k1/s1: done (ok)  358s  [364s]
[w0 135/168] visa/macaroni2/k1/s2 :: visa/macaroni2/k1/s2: done (ok)  186s  [191s]
[w0 136/168] visa/macaroni2/k2/s0 :: visa/macaroni2/k2/s0: done (ok)  389s  [394s]
[w0 137/168] visa/macaroni2/k2/s1 :: visa/macaroni2/k2/s1: done (ok)  376s  [383s]
[w0 138/168] visa/macaroni2/k2/s2 :: visa/macaroni2/k2/s2: done (ok)  530s  [538s]
[w0 139/168] visa/macaroni2/k4/s0 :: visa/macaroni2/k4/s0: done (ok)  666s  [673s]
[w0 140/168] visa/macaroni2/k4/s1 :: visa/macaroni2/k4/s1: done (ok)  450s  [456s]
[w0 141/168] visa/macaroni2/k4/s2 :: visa/macaroni2/k4/s2: done (ok)  357s  [365s]
[w0 142/168] visa/macaroni2/k8/s0 :: visa/macaroni2/k8/s0: done (ok)  611s  [619s]
[w0 143/168] visa/macaroni2/k8/s1 :: visa/macaroni2/k8/s1: done (ok)  548s  [555s]
[w0 144/168] visa/macaroni2/k8/s2 :: visa/macaroni2/k8/s2: done (ok)  550s  [557s]
[w0 145/168] visa/pcb2/k1/s0 :: visa/pcb2/k1/s0: done (ok)  645s  [650s]
[w0 146/168] visa/pcb2/k1/s1 :: visa/pcb2/k1/s1: done (ok)  569s  [577s]
[w0 147/168] visa/pcb2/k1/s2 :: visa/pcb2/k1/s2: done (ok)  857s  [863s]
[w0 148/168] visa/pcb2/k2/s0 :: visa/pcb2/k2/s0: done (ok)  482s  [487s]
[w0 149/168] visa/pcb2/k2/s1 :: visa/pcb2/k2/s1: done (ok)  467s  [473s]
[w0 150/168] visa/pcb2/k2/s2 :: visa/pcb2/k2/s2: done (ok)  420s  [425s]
[w0 151/168] visa/pcb2/k4/s0 :: visa/pcb2/k4/s0: done (ok)  487s  [492s]
[w0 152/168] visa/pcb2/k4/s1 :: visa/pcb2/k4/s1: done (ok)  283s  [289s]
[w0 153/168] visa/pcb2/k4/s2 :: visa/pcb2/k4/s2: done (ok)  416s  [422s]
[w0 154/168] visa/pcb2/k8/s0 :: visa/pcb2/k8/s0: done (ok)  397s  [403s]
[w0 155/168] visa/pcb2/k8/s1 :: visa/pcb2/k8/s1: done (ok)  428s  [434s]
[w0 156/168] visa/pcb2/k8/s2 :: visa/pcb2/k8/s2: done (ok)  461s  [467s]
[w0 157/168] visa/pcb4/k1/s0 :: visa/pcb4/k1/s0: done (ok)  521s  [529s]
[w0 158/168] visa/pcb4/k1/s1 :: visa/pcb4/k1/s1: done (ok)  1001s  [1008s]
[w0 159/168] visa/pcb4/k1/s2 :: visa/pcb4/k1/s2: done (ok)  688s  [696s]
[w0 160/168] visa/pcb4/k2/s0 :: visa/pcb4/k2/s0: done (ok)  149s  [156s]
[w0 161/168] visa/pcb4/k2/s1 :: visa/pcb4/k2/s1: done (ok)  221s  [227s]
[w0 162/168] visa/pcb4/k2/s2 :: visa/pcb4/k2/s2: done (ok)  487s  [495s]
[w0 163/168] visa/pcb4/k4/s0 :: visa/pcb4/k4/s0: done (ok)  711s  [718s]
[w0 164/168] visa/pcb4/k4/s1 :: visa/pcb4/k4/s1: done (ok)  429s  [437s]
[w0 165/168] visa/pcb4/k4/s2 :: visa/pcb4/k4/s2: done (ok)  216s  [224s]
[w0 166/168] visa/pcb4/k8/s0 :: visa/pcb4/k8/s0: done (ok)  348s  [356s]
[w0 167/168] visa/pcb4/k8/s1 :: visa/pcb4/k8/s1: done (ok)  357s  [365s]
[w0 168/168] visa/pcb4/k8/s2 :: visa/pcb4/k8/s2: done (ok)  195s  [202s]
[w0] OS runner END 2026-09-29 06:58:39 newly_done=66
