[w1] OS runner start 2026-09-28 23:21:26 cells=156 pid=28764
[w1 1/156] mvtec/cable/k1/s0 :: mvtec/cable/k1/s0: skipped (ok)  0s  [3s]
[w1 2/156] mvtec/cable/k1/s1 :: mvtec/cable/k1/s1: skipped (ok)  0s  [3s]
[w1 3/156] mvtec/cable/k1/s2 :: mvtec/cable/k1/s2: skipped (ok)  0s  [3s]
[w1 4/156] mvtec/cable/k2/s0 :: mvtec/cable/k2/s0: skipped (ok)  0s  [3s]
[w1 5/156] mvtec/cable/k2/s1 :: mvtec/cable/k2/s1: skipped (ok)  0s  [3s]
[w1 6/156] mvtec/cable/k2/s2 :: mvtec/cable/k2/s2: skipped (ok)  0s  [3s]
[w1 7/156] mvtec/cable/k4/s0 :: mvtec/cable/k4/s0: skipped (ok)  0s  [3s]
[w1 8/156] mvtec/cable/k4/s1 :: mvtec/cable/k4/s1: skipped (ok)  0s  [3s]
[w1 9/156] mvtec/cable/k4/s2 :: mvtec/cable/k4/s2: skipped (ok)  0s  [3s]
[w1 10/156] mvtec/cable/k8/s0 :: mvtec/cable/k8/s0: skipped (ok)  0s  [3s]
[w1 11/156] mvtec/cable/k8/s1 :: mvtec/cable/k8/s1: skipped (ok)  0s  [3s]
[w1 12/156] mvtec/cable/k8/s2 :: mvtec/cable/k8/s2: skipped (ok)  0s  [3s]
[w1 13/156] mvtec/carpet/k1/s0 :: mvtec/carpet/k1/s0: skipped (ok)  0s  [3s]
[w1 14/156] mvtec/carpet/k1/s1 :: mvtec/carpet/k1/s1: skipped (ok)  0s  [3s]
[w1 15/156] mvtec/carpet/k1/s2 :: mvtec/carpet/k1/s2: skipped (ok)  0s  [3s]
[w1 16/156] mvtec/carpet/k2/s0 :: mvtec/carpet/k2/s0: skipped (ok)  0s  [3s]
[w1 17/156] mvtec/carpet/k2/s1 :: mvtec/carpet/k2/s1: skipped (ok)  0s  [3s]
[w1 18/156] mvtec/carpet/k2/s2 :: mvtec/carpet/k2/s2: skipped (ok)  0s  [3s]
[w1 19/156] mvtec/carpet/k4/s0 :: mvtec/carpet/k4/s0: skipped (ok)  0s  [3s]
[w1 20/156] mvtec/carpet/k4/s1 :: mvtec/carpet/k4/s1: skipped (ok)  0s  [3s]
[w1 21/156] mvtec/carpet/k4/s2 :: mvtec/carpet/k4/s2: skipped (ok)  0s  [3s]
[w1 22/156] mvtec/carpet/k8/s0 :: mvtec/carpet/k8/s0: skipped (ok)  0s  [3s]
[w1 23/156] mvtec/carpet/k8/s1 :: mvtec/carpet/k8/s1: skipped (ok)  0s  [3s]
[w1 24/156] mvtec/carpet/k8/s2 :: mvtec/carpet/k8/s2: skipped (ok)  0s  [3s]
[w1 25/156] mvtec/hazelnut/k1/s0 :: mvtec/hazelnut/k1/s0: skipped (ok)  0s  [3s]
[w1 26/156] mvtec/hazelnut/k1/s1 :: mvtec/hazelnut/k1/s1: skipped (ok)  0s  [3s]
[w1 27/156] mvtec/hazelnut/k1/s2 :: mvtec/hazelnut/k1/s2: skipped (ok)  0s  [3s]
[w1 28/156] mvtec/hazelnut/k2/s0 :: mvtec/hazelnut/k2/s0: skipped (ok)  0s  [3s]
[w1 29/156] mvtec/hazelnut/k2/s1 :: mvtec/hazelnut/k2/s1: skipped (ok)  0s  [3s]
[w1 30/156] mvtec/hazelnut/k2/s2 :: mvtec/hazelnut/k2/s2: skipped (ok)  0s  [3s]
[w1 31/156] mvtec/hazelnut/k4/s0 :: mvtec/hazelnut/k4/s0: skipped (ok)  0s  [3s]
[w1 32/156] mvtec/hazelnut/k4/s1 :: mvtec/hazelnut/k4/s1: skipped (ok)  0s  [3s]
[w1 33/156] mvtec/hazelnut/k4/s2 :: mvtec/hazelnut/k4/s2: skipped (ok)  0s  [3s]
[w1 34/156] mvtec/hazelnut/k8/s0 :: mvtec/hazelnut/k8/s0: skipped (ok)  0s  [3s]
[w1 35/156] mvtec/hazelnut/k8/s1 :: mvtec/hazelnut/k8/s1: skipped (ok)  0s  [3s]
[w1 36/156] mvtec/hazelnut/k8/s2 :: mvtec/hazelnut/k8/s2: skipped (ok)  0s  [3s]
[w1 37/156] mvtec/metal_nut/k1/s0 :: mvtec/metal_nut/k1/s0: skipped (ok)  0s  [3s]
[w1 38/156] mvtec/metal_nut/k1/s1 :: mvtec/metal_nut/k1/s1: skipped (ok)  0s  [3s]
[w1 39/156] mvtec/metal_nut/k1/s2 :: mvtec/metal_nut/k1/s2: skipped (ok)  0s  [3s]
[w1 40/156] mvtec/metal_nut/k2/s0 :: mvtec/metal_nut/k2/s0: skipped (ok)  0s  [3s]
[w1 41/156] mvtec/metal_nut/k2/s1 :: mvtec/metal_nut/k2/s1: skipped (ok)  0s  [3s]
[w1 42/156] mvtec/metal_nut/k2/s2 :: mvtec/metal_nut/k2/s2: skipped (ok)  0s  [3s]
[w1 43/156] mvtec/metal_nut/k4/s0 :: mvtec/metal_nut/k4/s0: skipped (ok)  0s  [3s]
[w1 44/156] mvtec/metal_nut/k4/s1 :: mvtec/metal_nut/k4/s1: skipped (ok)  0s  [3s]
[w1 45/156] mvtec/metal_nut/k4/s2 :: mvtec/metal_nut/k4/s2: skipped (ok)  0s  [3s]
[w1 46/156] mvtec/metal_nut/k8/s0 :: mvtec/metal_nut/k8/s0: skipped (ok)  0s  [3s]
[w1 47/156] mvtec/metal_nut/k8/s1 :: mvtec/metal_nut/k8/s1: skipped (ok)  0s  [3s]
[w1 48/156] mvtec/metal_nut/k8/s2 :: mvtec/metal_nut/k8/s2: skipped (ok)  0s  [3s]
[w1 49/156] mvtec/screw/k1/s0 :: mvtec/screw/k1/s0: skipped (ok)  0s  [3s]
[w1 50/156] mvtec/screw/k1/s1 :: mvtec/screw/k1/s1: skipped (ok)  0s  [3s]
[w1 51/156] mvtec/screw/k1/s2 :: mvtec/screw/k1/s2: skipped (ok)  0s  [3s]
[w1 52/156] mvtec/screw/k2/s0 :: mvtec/screw/k2/s0: skipped (ok)  0s  [3s]
[w1 53/156] mvtec/screw/k2/s1 :: mvtec/screw/k2/s1: skipped (ok)  0s  [3s]
[w1 54/156] mvtec/screw/k2/s2 :: mvtec/screw/k2/s2: skipped (ok)  0s  [3s]
[w1 55/156] mvtec/screw/k4/s0 :: mvtec/screw/k4/s0: skipped (ok)  0s  [3s]
[w1 56/156] mvtec/screw/k4/s1 :: mvtec/screw/k4/s1: skipped (ok)  0s  [3s]
[w1 57/156] mvtec/screw/k4/s2 :: mvtec/screw/k4/s2: skipped (ok)  0s  [3s]
[w1 58/156] mvtec/screw/k8/s0 :: mvtec/screw/k8/s0: skipped (ok)  0s  [3s]
[w1 59/156] mvtec/screw/k8/s1 :: mvtec/screw/k8/s1: skipped (ok)  0s  [3s]
[w1 60/156] mvtec/screw/k8/s2 :: mvtec/screw/k8/s2: skipped (ok)  0s  [3s]
[w1 61/156] mvtec/toothbrush/k1/s0 :: mvtec/toothbrush/k1/s0: skipped (ok)  0s  [3s]
[w1 62/156] mvtec/toothbrush/k1/s1 :: mvtec/toothbrush/k1/s1: skipped (ok)  0s  [3s]
[w1 63/156] mvtec/toothbrush/k1/s2 :: mvtec/toothbrush/k1/s2: skipped (ok)  0s  [3s]
[w1 64/156] mvtec/toothbrush/k2/s0 :: mvtec/toothbrush/k2/s0: skipped (ok)  0s  [3s]
[w1 65/156] mvtec/toothbrush/k2/s1 :: mvtec/toothbrush/k2/s1: skipped (ok)  0s  [3s]
[w1 66/156] mvtec/toothbrush/k2/s2 :: mvtec/toothbrush/k2/s2: skipped (ok)  0s  [3s]
[w1 67/156] mvtec/toothbrush/k4/s0 :: mvtec/toothbrush/k4/s0: skipped (ok)  0s  [3s]
[w1 68/156] mvtec/toothbrush/k4/s1 :: mvtec/toothbrush/k4/s1: skipped (ok)  0s  [3s]
[w1 69/156] mvtec/toothbrush/k4/s2 :: mvtec/toothbrush/k4/s2: skipped (ok)  0s  [3s]
[w1 70/156] mvtec/toothbrush/k8/s0 :: mvtec/toothbrush/k8/s0: skipped (ok)  0s  [3s]
[w1 71/156] mvtec/toothbrush/k8/s1 :: mvtec/toothbrush/k8/s1: skipped (ok)  0s  [3s]
[w1 72/156] mvtec/toothbrush/k8/s2 :: mvtec/toothbrush/k8/s2: skipped (ok)  0s  [3s]
[w1 73/156] mvtec/wood/k1/s0 :: mvtec/wood/k1/s0: skipped (ok)  0s  [3s]
[w1 74/156] mvtec/wood/k1/s1 :: mvtec/wood/k1/s1: skipped (ok)  0s  [3s]
[w1 75/156] mvtec/wood/k1/s2 :: mvtec/wood/k1/s2: skipped (ok)  0s  [3s]
[w1 76/156] mvtec/wood/k2/s0 :: mvtec/wood/k2/s0: skipped (ok)  0s  [3s]
[w1 77/156] mvtec/wood/k2/s1 :: mvtec/wood/k2/s1: skipped (ok)  0s  [3s]
[w1 78/156] mvtec/wood/k2/s2 :: mvtec/wood/k2/s2: skipped (ok)  0s  [3s]
[w1 79/156] mvtec/wood/k4/s0 :: mvtec/wood/k4/s0: skipped (ok)  0s  [3s]
[w1 80/156] mvtec/wood/k4/s1 :: mvtec/wood/k4/s1: skipped (ok)  0s  [3s]
[w1 81/156] mvtec/wood/k4/s2 :: mvtec/wood/k4/s2: skipped (ok)  0s  [3s]
[w1 82/156] mvtec/wood/k8/s0 :: mvtec/wood/k8/s0: skipped (ok)  0s  [3s]
[w1 83/156] mvtec/wood/k8/s1 :: mvtec/wood/k8/s1: skipped (ok)  0s  [3s]
[w1 84/156] mvtec/wood/k8/s2 :: mvtec/wood/k8/s2: skipped (ok)  0s  [3s]
[w1 85/156] visa/capsules/k1/s0 :: visa/capsules/k1/s0: skipped (ok)  0s  [3s]
[w1 86/156] visa/capsules/k1/s1 :: visa/capsules/k1/s1: skipped (ok)  0s  [3s]
[w1 87/156] visa/capsules/k1/s2 :: visa/capsules/k1/s2: skipped (ok)  0s  [3s]
[w1 88/156] visa/capsules/k2/s0 :: visa/capsules/k2/s0: skipped (ok)  0s  [3s]
[w1 89/156] visa/capsules/k2/s1 :: visa/capsules/k2/s1: skipped (ok)  0s  [3s]
[w1 90/156] visa/capsules/k2/s2 :: visa/capsules/k2/s2: skipped (ok)  0s  [3s]
[w1 91/156] visa/capsules/k4/s0 :: visa/capsules/k4/s0: skipped (ok)  0s  [3s]
[w1 92/156] visa/capsules/k4/s1 :: visa/capsules/k4/s1: skipped (ok)  0s  [3s]
[w1 93/156] visa/capsules/k4/s2 :: visa/capsules/k4/s2: skipped (ok)  0s  [3s]
[w1 94/156] visa/capsules/k8/s0 :: visa/capsules/k8/s0: skipped (ok)  0s  [3s]
[w1 95/156] visa/capsules/k8/s1 :: visa/capsules/k8/s1: skipped (ok)  0s  [3s]
[w1 96/156] visa/capsules/k8/s2 :: visa/capsules/k8/s2: skipped (ok)  0s  [3s]
[w1 97/156] visa/chewinggum/k1/s0 :: visa/chewinggum/k1/s0: skipped (ok)  0s  [3s]
[w1 98/156] visa/chewinggum/k1/s1 :: visa/chewinggum/k1/s1: skipped (ok)  0s  [3s]
[w1 99/156] visa/chewinggum/k1/s2 :: visa/chewinggum/k1/s2: skipped (ok)  0s  [3s]
[w1 100/156] visa/chewinggum/k2/s0 :: visa/chewinggum/k2/s0: skipped (ok)  0s  [3s]
[w1 101/156] visa/chewinggum/k2/s1 :: visa/chewinggum/k2/s1: skipped (ok)  0s  [3s]
[w1 102/156] visa/chewinggum/k2/s2 :: visa/chewinggum/k2/s2: skipped (ok)  0s  [3s]
[w1 103/156] visa/chewinggum/k4/s0 :: visa/chewinggum/k4/s0: done (ok)  294s  [298s]
[w1 104/156] visa/chewinggum/k4/s1 :: visa/chewinggum/k4/s1: done (ok)  232s  [238s]
[w1 105/156] visa/chewinggum/k4/s2 :: visa/chewinggum/k4/s2: done (ok)  237s  [244s]
[w1 106/156] visa/chewinggum/k8/s0 :: visa/chewinggum/k8/s0: done (ok)  357s  [363s]
[w1 107/156] visa/chewinggum/k8/s1 :: visa/chewinggum/k8/s1: done (ok)  356s  [361s]
[w1 108/156] visa/chewinggum/k8/s2 :: visa/chewinggum/k8/s2: done (ok)  380s  [385s]
[w1 109/156] visa/macaroni1/k1/s0 :: visa/macaroni1/k1/s0: done (ok)  585s  [590s]
[w1 110/156] visa/macaroni1/k1/s1 :: visa/macaroni1/k1/s1: done (ok)  746s  [752s]
[w1 111/156] visa/macaroni1/k1/s2 :: visa/macaroni1/k1/s2: done (ok)  545s  [549s]
[w1 112/156] visa/macaroni1/k2/s0 :: visa/macaroni1/k2/s0: done (ok)  468s  [472s]
[w1 113/156] visa/macaroni1/k2/s1 :: visa/macaroni1/k2/s1: done (ok)  367s  [374s]
[w1 114/156] visa/macaroni1/k2/s2 :: visa/macaroni1/k2/s2: done (ok)  684s  [693s]
[w1 115/156] visa/macaroni1/k4/s0 :: visa/macaroni1/k4/s0: done (ok)  419s  [424s]
[w1 116/156] visa/macaroni1/k4/s1 :: visa/macaroni1/k4/s1: done (ok)  508s  [514s]
[w1 117/156] visa/macaroni1/k4/s2 :: visa/macaroni1/k4/s2: done (ok)  364s  [370s]
[w1 118/156] visa/macaroni1/k8/s0 :: visa/macaroni1/k8/s0: done (ok)  507s  [513s]
[w1 119/156] visa/macaroni1/k8/s1 :: visa/macaroni1/k8/s1: done (ok)  461s  [468s]
[w1 120/156] visa/macaroni1/k8/s2 :: visa/macaroni1/k8/s2: done (ok)  494s  [499s]
[w1 121/156] visa/pcb1/k1/s0 :: visa/pcb1/k1/s0: done (ok)  243s  [249s]
[w1 122/156] visa/pcb1/k1/s1 :: visa/pcb1/k1/s1: done (ok)  266s  [271s]
[w1 123/156] visa/pcb1/k1/s2 :: visa/pcb1/k1/s2: done (ok)  274s  [280s]
[w1 124/156] visa/pcb1/k2/s0 :: visa/pcb1/k2/s0: done (ok)  488s  [494s]
[w1 125/156] visa/pcb1/k2/s1 :: visa/pcb1/k2/s1: done (ok)  153s  [158s]
[w1 126/156] visa/pcb1/k2/s2 :: visa/pcb1/k2/s2: done (ok)  199s  [203s]
[w1 127/156] visa/pcb1/k4/s0 :: visa/pcb1/k4/s0: done (ok)  156s  [161s]
[w1 128/156] visa/pcb1/k4/s1 :: visa/pcb1/k4/s1: done (ok)  395s  [401s]
[w1 129/156] visa/pcb1/k4/s2 :: visa/pcb1/k4/s2: done (ok)  157s  [163s]
[w1 130/156] visa/pcb1/k8/s0 :: visa/pcb1/k8/s0: done (ok)  359s  [365s]
[w1 131/156] visa/pcb1/k8/s1 :: visa/pcb1/k8/s1: done (ok)  379s  [385s]
[w1 132/156] visa/pcb1/k8/s2 :: visa/pcb1/k8/s2: done (ok)  486s  [494s]
[w1 133/156] visa/pcb3/k1/s0 :: visa/pcb3/k1/s0: done (ok)  294s  [301s]
[w1 134/156] visa/pcb3/k1/s1 :: visa/pcb3/k1/s1: done (ok)  437s  [442s]
[w1 135/156] visa/pcb3/k1/s2 :: visa/pcb3/k1/s2: done (ok)  409s  [414s]
[w1 136/156] visa/pcb3/k2/s0 :: visa/pcb3/k2/s0: done (ok)  584s  [590s]
[w1 137/156] visa/pcb3/k2/s1 :: visa/pcb3/k2/s1: done (ok)  594s  [603s]
[w1 138/156] visa/pcb3/k2/s2 :: visa/pcb3/k2/s2: done (ok)  575s  [583s]
[w1 139/156] visa/pcb3/k4/s0 :: visa/pcb3/k4/s0: done (ok)  630s  [637s]
[w1 140/156] visa/pcb3/k4/s1 :: visa/pcb3/k4/s1: done (ok)  803s  [810s]
[w1 141/156] visa/pcb3/k4/s2 :: visa/pcb3/k4/s2: done (ok)  792s  [798s]
[w1 142/156] visa/pcb3/k8/s0 :: visa/pcb3/k8/s0: done (ok)  620s  [626s]
[w1 143/156] visa/pcb3/k8/s1 :: visa/pcb3/k8/s1: done (ok)  558s  [564s]
[w1 144/156] visa/pcb3/k8/s2 :: visa/pcb3/k8/s2: done (ok)  535s  [541s]
[w1 145/156] visa/pipe_fryum/k1/s0 :: visa/pipe_fryum/k1/s0: done (ok)  88s  [93s]
[w1 146/156] visa/pipe_fryum/k1/s1 :: visa/pipe_fryum/k1/s1: done (ok)  336s  [341s]
[w1 147/156] visa/pipe_fryum/k1/s2 :: visa/pipe_fryum/k1/s2: done (ok)  338s  [344s]
[w1 148/156] visa/pipe_fryum/k2/s0 :: visa/pipe_fryum/k2/s0: done (ok)  192s  [197s]
[w1 149/156] visa/pipe_fryum/k2/s1 :: visa/pipe_fryum/k2/s1: done (ok)  348s  [354s]
[w1 150/156] visa/pipe_fryum/k2/s2 :: visa/pipe_fryum/k2/s2: done (ok)  306s  [312s]
[w1 151/156] visa/pipe_fryum/k4/s0 :: visa/pipe_fryum/k4/s0: done (ok)  164s  [169s]
[w1 152/156] visa/pipe_fryum/k4/s1 :: visa/pipe_fryum/k4/s1: done (ok)  225s  [229s]
[w1 153/156] visa/pipe_fryum/k4/s2 :: visa/pipe_fryum/k4/s2: done (ok)  267s  [274s]
[w1 154/156] visa/pipe_fryum/k8/s0 :: visa/pipe_fryum/k8/s0: done (ok)  313s  [319s]
[w1 155/156] visa/pipe_fryum/k8/s1 :: visa/pipe_fryum/k8/s1: done (ok)  343s  [350s]
[w1 156/156] visa/pipe_fryum/k8/s2 :: visa/pipe_fryum/k8/s2: done (ok)  297s  [303s]
[w1] OS runner END 2026-09-29 05:31:32 newly_done=54
